// Jest Snapshot v1, https://goo.gl/fbAQLP

exports[`Recipes should match snapshot 1`] = `
<body>
  <div>
    <div
      class="MuiContainer-root MuiContainer-maxWidthLg css-1h6exh8-MuiContainer-root"
    >
      <div
        class="MuiGrid-root MuiGrid-container MuiGrid-spacing-xs-2 css-1fwwhll-MuiGrid-root"
      >
        <div
          class="MuiGrid-root MuiGrid-item MuiGrid-grid-md-4 css-49an4g-MuiGrid-root"
        >
          <div
            class="MuiPaper-root MuiPaper-elevation MuiPaper-rounded MuiPaper-elevation1 MuiCard-root css-bhp9pd-MuiPaper-root-MuiCard-root"
          >
            <div
              class="MuiBox-root css-1urz026"
            >
              <img
                alt="My Asian Calamari"
                data-nimg="fill"
                decoding="async"
                loading="lazy"
                sizes="300px"
                src="/_next/image?url=https%3A%2F%2Fimg.spoonacular.com%2Frecipes%2F652825-556x370.jpg&w=3840&q=75"
                srcset="/_next/image?url=https%3A%2F%2Fimg.spoonacular.com%2Frecipes%2F652825-556x370.jpg&w=16&q=75 16w, /_next/image?url=https%3A%2F%2Fimg.spoonacular.com%2Frecipes%2F652825-556x370.jpg&w=32&q=75 32w, /_next/image?url=https%3A%2F%2Fimg.spoonacular.com%2Frecipes%2F652825-556x370.jpg&w=48&q=75 48w, /_next/image?url=https%3A%2F%2Fimg.spoonacular.com%2Frecipes%2F652825-556x370.jpg&w=64&q=75 64w, /_next/image?url=https%3A%2F%2Fimg.spoonacular.com%2Frecipes%2F652825-556x370.jpg&w=96&q=75 96w, /_next/image?url=https%3A%2F%2Fimg.spoonacular.com%2Frecipes%2F652825-556x370.jpg&w=128&q=75 128w, /_next/image?url=https%3A%2F%2Fimg.spoonacular.com%2Frecipes%2F652825-556x370.jpg&w=256&q=75 256w, /_next/image?url=https%3A%2F%2Fimg.spoonacular.com%2Frecipes%2F652825-556x370.jpg&w=384&q=75 384w, /_next/image?url=https%3A%2F%2Fimg.spoonacular.com%2Frecipes%2F652825-556x370.jpg&w=640&q=75 640w, /_next/image?url=https%3A%2F%2Fimg.spoonacular.com%2Frecipes%2F652825-556x370.jpg&w=750&q=75 750w, /_next/image?url=https%3A%2F%2Fimg.spoonacular.com%2Frecipes%2F652825-556x370.jpg&w=828&q=75 828w, /_next/image?url=https%3A%2F%2Fimg.spoonacular.com%2Frecipes%2F652825-556x370.jpg&w=1080&q=75 1080w, /_next/image?url=https%3A%2F%2Fimg.spoonacular.com%2Frecipes%2F652825-556x370.jpg&w=1200&q=75 1200w, /_next/image?url=https%3A%2F%2Fimg.spoonacular.com%2Frecipes%2F652825-556x370.jpg&w=1920&q=75 1920w, /_next/image?url=https%3A%2F%2Fimg.spoonacular.com%2Frecipes%2F652825-556x370.jpg&w=2048&q=75 2048w, /_next/image?url=https%3A%2F%2Fimg.spoonacular.com%2Frecipes%2F652825-556x370.jpg&w=3840&q=75 3840w"
                style="position: absolute; height: 100%; width: 100%; left: 0px; top: 0px; right: 0px; bottom: 0px; object-fit: cover; color: transparent;"
              />
            </div>
            <div
              class="MuiCardContent-root css-46bh2p-MuiCardContent-root"
            >
              <h5
                class="MuiTypography-root MuiTypography-h5 MuiTypography-gutterBottom css-h93ljk-MuiTypography-root"
              >
                My Asian Calamari
              </h5>
              <p
                class="MuiTypography-root MuiTypography-body2 css-r40f8v-MuiTypography-root"
              >
                My Asian Calamari requires around 
                <b>
                  45 minutes
                </b>
                 from start to fini...
              </p>
            </div>
            <div
              class="MuiCardActions-root MuiCardActions-spacing css-dnrpxu-MuiCardActions-root"
            >
              <button
                class="MuiButtonBase-root MuiButton-root MuiButton-contained MuiButton-containedPrimary MuiButton-sizeMedium MuiButton-containedSizeMedium MuiButton-colorPrimary MuiButton-root MuiButton-contained MuiButton-containedPrimary MuiButton-sizeMedium MuiButton-containedSizeMedium MuiButton-colorPrimary css-sghohy-MuiButtonBase-root-MuiButton-root"
                tabindex="0"
                type="button"
              >
                Get the recipe
                <span
                  class="MuiTouchRipple-root css-8je8zh-MuiTouchRipple-root"
                />
              </button>
            </div>
          </div>
        </div>
        <div
          class="MuiGrid-root MuiGrid-item MuiGrid-grid-md-4 css-49an4g-MuiGrid-root"
        >
          <div
            class="MuiPaper-root MuiPaper-elevation MuiPaper-rounded MuiPaper-elevation1 MuiCard-root css-bhp9pd-MuiPaper-root-MuiCard-root"
          >
            <div
              class="MuiBox-root css-1urz026"
            >
              <img
                alt="Artisan Farfalle Pasta With Smoked Salmon and Cream Sauce"
                data-nimg="fill"
                decoding="async"
                loading="lazy"
                sizes="300px"
                src="/_next/image?url=https%3A%2F%2Fimg.spoonacular.com%2Frecipes%2F632778-556x370.jpg&w=3840&q=75"
                srcset="/_next/image?url=https%3A%2F%2Fimg.spoonacular.com%2Frecipes%2F632778-556x370.jpg&w=16&q=75 16w, /_next/image?url=https%3A%2F%2Fimg.spoonacular.com%2Frecipes%2F632778-556x370.jpg&w=32&q=75 32w, /_next/image?url=https%3A%2F%2Fimg.spoonacular.com%2Frecipes%2F632778-556x370.jpg&w=48&q=75 48w, /_next/image?url=https%3A%2F%2Fimg.spoonacular.com%2Frecipes%2F632778-556x370.jpg&w=64&q=75 64w, /_next/image?url=https%3A%2F%2Fimg.spoonacular.com%2Frecipes%2F632778-556x370.jpg&w=96&q=75 96w, /_next/image?url=https%3A%2F%2Fimg.spoonacular.com%2Frecipes%2F632778-556x370.jpg&w=128&q=75 128w, /_next/image?url=https%3A%2F%2Fimg.spoonacular.com%2Frecipes%2F632778-556x370.jpg&w=256&q=75 256w, /_next/image?url=https%3A%2F%2Fimg.spoonacular.com%2Frecipes%2F632778-556x370.jpg&w=384&q=75 384w, /_next/image?url=https%3A%2F%2Fimg.spoonacular.com%2Frecipes%2F632778-556x370.jpg&w=640&q=75 640w, /_next/image?url=https%3A%2F%2Fimg.spoonacular.com%2Frecipes%2F632778-556x370.jpg&w=750&q=75 750w, /_next/image?url=https%3A%2F%2Fimg.spoonacular.com%2Frecipes%2F632778-556x370.jpg&w=828&q=75 828w, /_next/image?url=https%3A%2F%2Fimg.spoonacular.com%2Frecipes%2F632778-556x370.jpg&w=1080&q=75 1080w, /_next/image?url=https%3A%2F%2Fimg.spoonacular.com%2Frecipes%2F632778-556x370.jpg&w=1200&q=75 1200w, /_next/image?url=https%3A%2F%2Fimg.spoonacular.com%2Frecipes%2F632778-556x370.jpg&w=1920&q=75 1920w, /_next/image?url=https%3A%2F%2Fimg.spoonacular.com%2Frecipes%2F632778-556x370.jpg&w=2048&q=75 2048w, /_next/image?url=https%3A%2F%2Fimg.spoonacular.com%2Frecipes%2F632778-556x370.jpg&w=3840&q=75 3840w"
                style="position: absolute; height: 100%; width: 100%; left: 0px; top: 0px; right: 0px; bottom: 0px; object-fit: cover; color: transparent;"
              />
            </div>
            <div
              class="MuiCardContent-root css-46bh2p-MuiCardContent-root"
            >
              <h5
                class="MuiTypography-root MuiTypography-h5 MuiTypography-gutterBottom css-h93ljk-MuiTypography-root"
              >
                Artisan Farfalle Pasta With Smoked Salmon and Cream Sauce
              </h5>
              <p
                class="MuiTypography-root MuiTypography-body2 css-r40f8v-MuiTypography-root"
              >
                Artisan Farfalle Pasta With Smoked Salmon and Cream Sauce might be jus...
              </p>
            </div>
            <div
              class="MuiCardActions-root MuiCardActions-spacing css-dnrpxu-MuiCardActions-root"
            >
              <button
                class="MuiButtonBase-root MuiButton-root MuiButton-contained MuiButton-containedPrimary MuiButton-sizeMedium MuiButton-containedSizeMedium MuiButton-colorPrimary MuiButton-root MuiButton-contained MuiButton-containedPrimary MuiButton-sizeMedium MuiButton-containedSizeMedium MuiButton-colorPrimary css-sghohy-MuiButtonBase-root-MuiButton-root"
                tabindex="0"
                type="button"
              >
                Get the recipe
                <span
                  class="MuiTouchRipple-root css-8je8zh-MuiTouchRipple-root"
                />
              </button>
            </div>
          </div>
        </div>
        <div
          class="MuiGrid-root MuiGrid-item MuiGrid-grid-md-4 css-49an4g-MuiGrid-root"
        >
          <div
            class="MuiPaper-root MuiPaper-elevation MuiPaper-rounded MuiPaper-elevation1 MuiCard-root css-bhp9pd-MuiPaper-root-MuiCard-root"
          >
            <div
              class="MuiBox-root css-1urz026"
            >
              <img
                alt="Quick and Easy Caprese Salad"
                data-nimg="fill"
                decoding="async"
                loading="lazy"
                sizes="300px"
                src="/_next/image?url=https%3A%2F%2Fimg.spoonacular.com%2Frecipes%2F657537-556x370.jpg&w=3840&q=75"
                srcset="/_next/image?url=https%3A%2F%2Fimg.spoonacular.com%2Frecipes%2F657537-556x370.jpg&w=16&q=75 16w, /_next/image?url=https%3A%2F%2Fimg.spoonacular.com%2Frecipes%2F657537-556x370.jpg&w=32&q=75 32w, /_next/image?url=https%3A%2F%2Fimg.spoonacular.com%2Frecipes%2F657537-556x370.jpg&w=48&q=75 48w, /_next/image?url=https%3A%2F%2Fimg.spoonacular.com%2Frecipes%2F657537-556x370.jpg&w=64&q=75 64w, /_next/image?url=https%3A%2F%2Fimg.spoonacular.com%2Frecipes%2F657537-556x370.jpg&w=96&q=75 96w, /_next/image?url=https%3A%2F%2Fimg.spoonacular.com%2Frecipes%2F657537-556x370.jpg&w=128&q=75 128w, /_next/image?url=https%3A%2F%2Fimg.spoonacular.com%2Frecipes%2F657537-556x370.jpg&w=256&q=75 256w, /_next/image?url=https%3A%2F%2Fimg.spoonacular.com%2Frecipes%2F657537-556x370.jpg&w=384&q=75 384w, /_next/image?url=https%3A%2F%2Fimg.spoonacular.com%2Frecipes%2F657537-556x370.jpg&w=640&q=75 640w, /_next/image?url=https%3A%2F%2Fimg.spoonacular.com%2Frecipes%2F657537-556x370.jpg&w=750&q=75 750w, /_next/image?url=https%3A%2F%2Fimg.spoonacular.com%2Frecipes%2F657537-556x370.jpg&w=828&q=75 828w, /_next/image?url=https%3A%2F%2Fimg.spoonacular.com%2Frecipes%2F657537-556x370.jpg&w=1080&q=75 1080w, /_next/image?url=https%3A%2F%2Fimg.spoonacular.com%2Frecipes%2F657537-556x370.jpg&w=1200&q=75 1200w, /_next/image?url=https%3A%2F%2Fimg.spoonacular.com%2Frecipes%2F657537-556x370.jpg&w=1920&q=75 1920w, /_next/image?url=https%3A%2F%2Fimg.spoonacular.com%2Frecipes%2F657537-556x370.jpg&w=2048&q=75 2048w, /_next/image?url=https%3A%2F%2Fimg.spoonacular.com%2Frecipes%2F657537-556x370.jpg&w=3840&q=75 3840w"
                style="position: absolute; height: 100%; width: 100%; left: 0px; top: 0px; right: 0px; bottom: 0px; object-fit: cover; color: transparent;"
              />
            </div>
            <div
              class="MuiCardContent-root css-46bh2p-MuiCardContent-root"
            >
              <h5
                class="MuiTypography-root MuiTypography-h5 MuiTypography-gutterBottom css-h93ljk-MuiTypography-root"
              >
                Quick and Easy Caprese Salad
              </h5>
              <p
                class="MuiTypography-root MuiTypography-body2 css-r40f8v-MuiTypography-root"
              >
                Need a 
                <b>
                  gluten free, lacto ovo vegetarian, and primal main course
                </b>
              </p>
            </div>
            <div
              class="MuiCardActions-root MuiCardActions-spacing css-dnrpxu-MuiCardActions-root"
            >
              <button
                class="MuiButtonBase-root MuiButton-root MuiButton-contained MuiButton-containedPrimary MuiButton-sizeMedium MuiButton-containedSizeMedium MuiButton-colorPrimary MuiButton-root MuiButton-contained MuiButton-containedPrimary MuiButton-sizeMedium MuiButton-containedSizeMedium MuiButton-colorPrimary css-sghohy-MuiButtonBase-root-MuiButton-root"
                tabindex="0"
                type="button"
              >
                Get the recipe
                <span
                  class="MuiTouchRipple-root css-8je8zh-MuiTouchRipple-root"
                />
              </button>
            </div>
          </div>
        </div>
        <div
          class="MuiGrid-root MuiGrid-item MuiGrid-grid-md-4 css-49an4g-MuiGrid-root"
        >
          <div
            class="MuiPaper-root MuiPaper-elevation MuiPaper-rounded MuiPaper-elevation1 MuiCard-root css-bhp9pd-MuiPaper-root-MuiCard-root"
          >
            <div
              class="MuiBox-root css-1urz026"
            >
              <img
                alt="Spanish Meatballs In Tomato Sauce"
                data-nimg="fill"
                decoding="async"
                loading="lazy"
                sizes="300px"
                src="/_next/image?url=https%3A%2F%2Fimg.spoonacular.com%2Frecipes%2F660868-556x370.jpg&w=3840&q=75"
                srcset="/_next/image?url=https%3A%2F%2Fimg.spoonacular.com%2Frecipes%2F660868-556x370.jpg&w=16&q=75 16w, /_next/image?url=https%3A%2F%2Fimg.spoonacular.com%2Frecipes%2F660868-556x370.jpg&w=32&q=75 32w, /_next/image?url=https%3A%2F%2Fimg.spoonacular.com%2Frecipes%2F660868-556x370.jpg&w=48&q=75 48w, /_next/image?url=https%3A%2F%2Fimg.spoonacular.com%2Frecipes%2F660868-556x370.jpg&w=64&q=75 64w, /_next/image?url=https%3A%2F%2Fimg.spoonacular.com%2Frecipes%2F660868-556x370.jpg&w=96&q=75 96w, /_next/image?url=https%3A%2F%2Fimg.spoonacular.com%2Frecipes%2F660868-556x370.jpg&w=128&q=75 128w, /_next/image?url=https%3A%2F%2Fimg.spoonacular.com%2Frecipes%2F660868-556x370.jpg&w=256&q=75 256w, /_next/image?url=https%3A%2F%2Fimg.spoonacular.com%2Frecipes%2F660868-556x370.jpg&w=384&q=75 384w, /_next/image?url=https%3A%2F%2Fimg.spoonacular.com%2Frecipes%2F660868-556x370.jpg&w=640&q=75 640w, /_next/image?url=https%3A%2F%2Fimg.spoonacular.com%2Frecipes%2F660868-556x370.jpg&w=750&q=75 750w, /_next/image?url=https%3A%2F%2Fimg.spoonacular.com%2Frecipes%2F660868-556x370.jpg&w=828&q=75 828w, /_next/image?url=https%3A%2F%2Fimg.spoonacular.com%2Frecipes%2F660868-556x370.jpg&w=1080&q=75 1080w, /_next/image?url=https%3A%2F%2Fimg.spoonacular.com%2Frecipes%2F660868-556x370.jpg&w=1200&q=75 1200w, /_next/image?url=https%3A%2F%2Fimg.spoonacular.com%2Frecipes%2F660868-556x370.jpg&w=1920&q=75 1920w, /_next/image?url=https%3A%2F%2Fimg.spoonacular.com%2Frecipes%2F660868-556x370.jpg&w=2048&q=75 2048w, /_next/image?url=https%3A%2F%2Fimg.spoonacular.com%2Frecipes%2F660868-556x370.jpg&w=3840&q=75 3840w"
                style="position: absolute; height: 100%; width: 100%; left: 0px; top: 0px; right: 0px; bottom: 0px; object-fit: cover; color: transparent;"
              />
            </div>
            <div
              class="MuiCardContent-root css-46bh2p-MuiCardContent-root"
            >
              <h5
                class="MuiTypography-root MuiTypography-h5 MuiTypography-gutterBottom css-h93ljk-MuiTypography-root"
              >
                Spanish Meatballs In Tomato Sauce
              </h5>
              <p
                class="MuiTypography-root MuiTypography-body2 css-r40f8v-MuiTypography-root"
              >
                You can never have too many European recipes, so give Spanish Meatball...
              </p>
            </div>
            <div
              class="MuiCardActions-root MuiCardActions-spacing css-dnrpxu-MuiCardActions-root"
            >
              <button
                class="MuiButtonBase-root MuiButton-root MuiButton-contained MuiButton-containedPrimary MuiButton-sizeMedium MuiButton-containedSizeMedium MuiButton-colorPrimary MuiButton-root MuiButton-contained MuiButton-containedPrimary MuiButton-sizeMedium MuiButton-containedSizeMedium MuiButton-colorPrimary css-sghohy-MuiButtonBase-root-MuiButton-root"
                tabindex="0"
                type="button"
              >
                Get the recipe
                <span
                  class="MuiTouchRipple-root css-8je8zh-MuiTouchRipple-root"
                />
              </button>
            </div>
          </div>
        </div>
        <div
          class="MuiGrid-root MuiGrid-item MuiGrid-grid-md-4 css-49an4g-MuiGrid-root"
        >
          <div
            class="MuiPaper-root MuiPaper-elevation MuiPaper-rounded MuiPaper-elevation1 MuiCard-root css-bhp9pd-MuiPaper-root-MuiCard-root"
          >
            <div
              class="MuiBox-root css-1urz026"
            >
              <img
                alt="Chicken Piccata With Angel Hair Pasta"
                data-nimg="fill"
                decoding="async"
                loading="lazy"
                sizes="300px"
                src="/_next/image?url=https%3A%2F%2Fimg.spoonacular.com%2Frecipes%2F638248-556x370.jpg&w=3840&q=75"
                srcset="/_next/image?url=https%3A%2F%2Fimg.spoonacular.com%2Frecipes%2F638248-556x370.jpg&w=16&q=75 16w, /_next/image?url=https%3A%2F%2Fimg.spoonacular.com%2Frecipes%2F638248-556x370.jpg&w=32&q=75 32w, /_next/image?url=https%3A%2F%2Fimg.spoonacular.com%2Frecipes%2F638248-556x370.jpg&w=48&q=75 48w, /_next/image?url=https%3A%2F%2Fimg.spoonacular.com%2Frecipes%2F638248-556x370.jpg&w=64&q=75 64w, /_next/image?url=https%3A%2F%2Fimg.spoonacular.com%2Frecipes%2F638248-556x370.jpg&w=96&q=75 96w, /_next/image?url=https%3A%2F%2Fimg.spoonacular.com%2Frecipes%2F638248-556x370.jpg&w=128&q=75 128w, /_next/image?url=https%3A%2F%2Fimg.spoonacular.com%2Frecipes%2F638248-556x370.jpg&w=256&q=75 256w, /_next/image?url=https%3A%2F%2Fimg.spoonacular.com%2Frecipes%2F638248-556x370.jpg&w=384&q=75 384w, /_next/image?url=https%3A%2F%2Fimg.spoonacular.com%2Frecipes%2F638248-556x370.jpg&w=640&q=75 640w, /_next/image?url=https%3A%2F%2Fimg.spoonacular.com%2Frecipes%2F638248-556x370.jpg&w=750&q=75 750w, /_next/image?url=https%3A%2F%2Fimg.spoonacular.com%2Frecipes%2F638248-556x370.jpg&w=828&q=75 828w, /_next/image?url=https%3A%2F%2Fimg.spoonacular.com%2Frecipes%2F638248-556x370.jpg&w=1080&q=75 1080w, /_next/image?url=https%3A%2F%2Fimg.spoonacular.com%2Frecipes%2F638248-556x370.jpg&w=1200&q=75 1200w, /_next/image?url=https%3A%2F%2Fimg.spoonacular.com%2Frecipes%2F638248-556x370.jpg&w=1920&q=75 1920w, /_next/image?url=https%3A%2F%2Fimg.spoonacular.com%2Frecipes%2F638248-556x370.jpg&w=2048&q=75 2048w, /_next/image?url=https%3A%2F%2Fimg.spoonacular.com%2Frecipes%2F638248-556x370.jpg&w=3840&q=75 3840w"
                style="position: absolute; height: 100%; width: 100%; left: 0px; top: 0px; right: 0px; bottom: 0px; object-fit: cover; color: transparent;"
              />
            </div>
            <div
              class="MuiCardContent-root css-46bh2p-MuiCardContent-root"
            >
              <h5
                class="MuiTypography-root MuiTypography-h5 MuiTypography-gutterBottom css-h93ljk-MuiTypography-root"
              >
                Chicken Piccata With Angel Hair Pasta
              </h5>
              <p
                class="MuiTypography-root MuiTypography-body2 css-r40f8v-MuiTypography-root"
              >
                Chicken Piccata With Angel Hair Pasta takes roughly 
                <b>
                  45 minutes
                </b>
                 ...
              </p>
            </div>
            <div
              class="MuiCardActions-root MuiCardActions-spacing css-dnrpxu-MuiCardActions-root"
            >
              <button
                class="MuiButtonBase-root MuiButton-root MuiButton-contained MuiButton-containedPrimary MuiButton-sizeMedium MuiButton-containedSizeMedium MuiButton-colorPrimary MuiButton-root MuiButton-contained MuiButton-containedPrimary MuiButton-sizeMedium MuiButton-containedSizeMedium MuiButton-colorPrimary css-sghohy-MuiButtonBase-root-MuiButton-root"
                tabindex="0"
                type="button"
              >
                Get the recipe
                <span
                  class="MuiTouchRipple-root css-8je8zh-MuiTouchRipple-root"
                />
              </button>
            </div>
          </div>
        </div>
        <div
          class="MuiGrid-root MuiGrid-item MuiGrid-grid-md-4 css-49an4g-MuiGrid-root"
        >
          <div
            class="MuiPaper-root MuiPaper-elevation MuiPaper-rounded MuiPaper-elevation1 MuiCard-root css-bhp9pd-MuiPaper-root-MuiCard-root"
          >
            <div
              class="MuiBox-root css-1urz026"
            >
              <img
                alt="Pumpkin Ravioli With Browned Butter Sage Sauce"
                data-nimg="fill"
                decoding="async"
                loading="lazy"
                sizes="300px"
                src="/_next/image?url=https%3A%2F%2Fimg.spoonacular.com%2Frecipes%2F657377-556x370.jpg&w=3840&q=75"
                srcset="/_next/image?url=https%3A%2F%2Fimg.spoonacular.com%2Frecipes%2F657377-556x370.jpg&w=16&q=75 16w, /_next/image?url=https%3A%2F%2Fimg.spoonacular.com%2Frecipes%2F657377-556x370.jpg&w=32&q=75 32w, /_next/image?url=https%3A%2F%2Fimg.spoonacular.com%2Frecipes%2F657377-556x370.jpg&w=48&q=75 48w, /_next/image?url=https%3A%2F%2Fimg.spoonacular.com%2Frecipes%2F657377-556x370.jpg&w=64&q=75 64w, /_next/image?url=https%3A%2F%2Fimg.spoonacular.com%2Frecipes%2F657377-556x370.jpg&w=96&q=75 96w, /_next/image?url=https%3A%2F%2Fimg.spoonacular.com%2Frecipes%2F657377-556x370.jpg&w=128&q=75 128w, /_next/image?url=https%3A%2F%2Fimg.spoonacular.com%2Frecipes%2F657377-556x370.jpg&w=256&q=75 256w, /_next/image?url=https%3A%2F%2Fimg.spoonacular.com%2Frecipes%2F657377-556x370.jpg&w=384&q=75 384w, /_next/image?url=https%3A%2F%2Fimg.spoonacular.com%2Frecipes%2F657377-556x370.jpg&w=640&q=75 640w, /_next/image?url=https%3A%2F%2Fimg.spoonacular.com%2Frecipes%2F657377-556x370.jpg&w=750&q=75 750w, /_next/image?url=https%3A%2F%2Fimg.spoonacular.com%2Frecipes%2F657377-556x370.jpg&w=828&q=75 828w, /_next/image?url=https%3A%2F%2Fimg.spoonacular.com%2Frecipes%2F657377-556x370.jpg&w=1080&q=75 1080w, /_next/image?url=https%3A%2F%2Fimg.spoonacular.com%2Frecipes%2F657377-556x370.jpg&w=1200&q=75 1200w, /_next/image?url=https%3A%2F%2Fimg.spoonacular.com%2Frecipes%2F657377-556x370.jpg&w=1920&q=75 1920w, /_next/image?url=https%3A%2F%2Fimg.spoonacular.com%2Frecipes%2F657377-556x370.jpg&w=2048&q=75 2048w, /_next/image?url=https%3A%2F%2Fimg.spoonacular.com%2Frecipes%2F657377-556x370.jpg&w=3840&q=75 3840w"
                style="position: absolute; height: 100%; width: 100%; left: 0px; top: 0px; right: 0px; bottom: 0px; object-fit: cover; color: transparent;"
              />
            </div>
            <div
              class="MuiCardContent-root css-46bh2p-MuiCardContent-root"
            >
              <h5
                class="MuiTypography-root MuiTypography-h5 MuiTypography-gutterBottom css-h93ljk-MuiTypography-root"
              >
                Pumpkin Ravioli With Browned Butter Sage Sauce
              </h5>
              <p
                class="MuiTypography-root MuiTypography-body2 css-r40f8v-MuiTypography-root"
              >
                The recipe Pumpkin Ravioli With Browned Butter Sage Sauce could satisf...
              </p>
            </div>
            <div
              class="MuiCardActions-root MuiCardActions-spacing css-dnrpxu-MuiCardActions-root"
            >
              <button
                class="MuiButtonBase-root MuiButton-root MuiButton-contained MuiButton-containedPrimary MuiButton-sizeMedium MuiButton-containedSizeMedium MuiButton-colorPrimary MuiButton-root MuiButton-contained MuiButton-containedPrimary MuiButton-sizeMedium MuiButton-containedSizeMedium MuiButton-colorPrimary css-sghohy-MuiButtonBase-root-MuiButton-root"
                tabindex="0"
                type="button"
              >
                Get the recipe
                <span
                  class="MuiTouchRipple-root css-8je8zh-MuiTouchRipple-root"
                />
              </button>
            </div>
          </div>
        </div>
        <div
          class="MuiGrid-root MuiGrid-item MuiGrid-grid-md-4 css-49an4g-MuiGrid-root"
        >
          <div
            class="MuiPaper-root MuiPaper-elevation MuiPaper-rounded MuiPaper-elevation1 MuiCard-root css-bhp9pd-MuiPaper-root-MuiCard-root"
          >
            <div
              class="MuiBox-root css-1urz026"
            >
              <img
                alt="Lemon Blondies with Lemon Glaze"
                data-nimg="fill"
                decoding="async"
                loading="lazy"
                sizes="300px"
                src="/_next/image?url=https%3A%2F%2Fimg.spoonacular.com%2Frecipes%2F649518-556x370.jpg&w=3840&q=75"
                srcset="/_next/image?url=https%3A%2F%2Fimg.spoonacular.com%2Frecipes%2F649518-556x370.jpg&w=16&q=75 16w, /_next/image?url=https%3A%2F%2Fimg.spoonacular.com%2Frecipes%2F649518-556x370.jpg&w=32&q=75 32w, /_next/image?url=https%3A%2F%2Fimg.spoonacular.com%2Frecipes%2F649518-556x370.jpg&w=48&q=75 48w, /_next/image?url=https%3A%2F%2Fimg.spoonacular.com%2Frecipes%2F649518-556x370.jpg&w=64&q=75 64w, /_next/image?url=https%3A%2F%2Fimg.spoonacular.com%2Frecipes%2F649518-556x370.jpg&w=96&q=75 96w, /_next/image?url=https%3A%2F%2Fimg.spoonacular.com%2Frecipes%2F649518-556x370.jpg&w=128&q=75 128w, /_next/image?url=https%3A%2F%2Fimg.spoonacular.com%2Frecipes%2F649518-556x370.jpg&w=256&q=75 256w, /_next/image?url=https%3A%2F%2Fimg.spoonacular.com%2Frecipes%2F649518-556x370.jpg&w=384&q=75 384w, /_next/image?url=https%3A%2F%2Fimg.spoonacular.com%2Frecipes%2F649518-556x370.jpg&w=640&q=75 640w, /_next/image?url=https%3A%2F%2Fimg.spoonacular.com%2Frecipes%2F649518-556x370.jpg&w=750&q=75 750w, /_next/image?url=https%3A%2F%2Fimg.spoonacular.com%2Frecipes%2F649518-556x370.jpg&w=828&q=75 828w, /_next/image?url=https%3A%2F%2Fimg.spoonacular.com%2Frecipes%2F649518-556x370.jpg&w=1080&q=75 1080w, /_next/image?url=https%3A%2F%2Fimg.spoonacular.com%2Frecipes%2F649518-556x370.jpg&w=1200&q=75 1200w, /_next/image?url=https%3A%2F%2Fimg.spoonacular.com%2Frecipes%2F649518-556x370.jpg&w=1920&q=75 1920w, /_next/image?url=https%3A%2F%2Fimg.spoonacular.com%2Frecipes%2F649518-556x370.jpg&w=2048&q=75 2048w, /_next/image?url=https%3A%2F%2Fimg.spoonacular.com%2Frecipes%2F649518-556x370.jpg&w=3840&q=75 3840w"
                style="position: absolute; height: 100%; width: 100%; left: 0px; top: 0px; right: 0px; bottom: 0px; object-fit: cover; color: transparent;"
              />
            </div>
            <div
              class="MuiCardContent-root css-46bh2p-MuiCardContent-root"
            >
              <h5
                class="MuiTypography-root MuiTypography-h5 MuiTypography-gutterBottom css-h93ljk-MuiTypography-root"
              >
                Lemon Blondies with Lemon Glaze
              </h5>
              <p
                class="MuiTypography-root MuiTypography-body2 css-r40f8v-MuiTypography-root"
              >
                Lemon Blondies with Lemon Glaze is a 
                <b>
                  lacto ovo vegetarian
                </b>
                 recip...
              </p>
            </div>
            <div
              class="MuiCardActions-root MuiCardActions-spacing css-dnrpxu-MuiCardActions-root"
            >
              <button
                class="MuiButtonBase-root MuiButton-root MuiButton-contained MuiButton-containedPrimary MuiButton-sizeMedium MuiButton-containedSizeMedium MuiButton-colorPrimary MuiButton-root MuiButton-contained MuiButton-containedPrimary MuiButton-sizeMedium MuiButton-containedSizeMedium MuiButton-colorPrimary css-sghohy-MuiButtonBase-root-MuiButton-root"
                tabindex="0"
                type="button"
              >
                Get the recipe
                <span
                  class="MuiTouchRipple-root css-8je8zh-MuiTouchRipple-root"
                />
              </button>
            </div>
          </div>
        </div>
        <div
          class="MuiGrid-root MuiGrid-item MuiGrid-grid-md-4 css-49an4g-MuiGrid-root"
        >
          <div
            class="MuiPaper-root MuiPaper-elevation MuiPaper-rounded MuiPaper-elevation1 MuiCard-root css-bhp9pd-MuiPaper-root-MuiCard-root"
          >
            <div
              class="MuiBox-root css-1urz026"
            >
              <img
                alt="Croissants With Sesame Seeds (Kifli)"
                data-nimg="fill"
                decoding="async"
                loading="lazy"
                sizes="300px"
                src="/_next/image?url=https%3A%2F%2Fimg.spoonacular.com%2Frecipes%2F640907-556x370.jpg&w=3840&q=75"
                srcset="/_next/image?url=https%3A%2F%2Fimg.spoonacular.com%2Frecipes%2F640907-556x370.jpg&w=16&q=75 16w, /_next/image?url=https%3A%2F%2Fimg.spoonacular.com%2Frecipes%2F640907-556x370.jpg&w=32&q=75 32w, /_next/image?url=https%3A%2F%2Fimg.spoonacular.com%2Frecipes%2F640907-556x370.jpg&w=48&q=75 48w, /_next/image?url=https%3A%2F%2Fimg.spoonacular.com%2Frecipes%2F640907-556x370.jpg&w=64&q=75 64w, /_next/image?url=https%3A%2F%2Fimg.spoonacular.com%2Frecipes%2F640907-556x370.jpg&w=96&q=75 96w, /_next/image?url=https%3A%2F%2Fimg.spoonacular.com%2Frecipes%2F640907-556x370.jpg&w=128&q=75 128w, /_next/image?url=https%3A%2F%2Fimg.spoonacular.com%2Frecipes%2F640907-556x370.jpg&w=256&q=75 256w, /_next/image?url=https%3A%2F%2Fimg.spoonacular.com%2Frecipes%2F640907-556x370.jpg&w=384&q=75 384w, /_next/image?url=https%3A%2F%2Fimg.spoonacular.com%2Frecipes%2F640907-556x370.jpg&w=640&q=75 640w, /_next/image?url=https%3A%2F%2Fimg.spoonacular.com%2Frecipes%2F640907-556x370.jpg&w=750&q=75 750w, /_next/image?url=https%3A%2F%2Fimg.spoonacular.com%2Frecipes%2F640907-556x370.jpg&w=828&q=75 828w, /_next/image?url=https%3A%2F%2Fimg.spoonacular.com%2Frecipes%2F640907-556x370.jpg&w=1080&q=75 1080w, /_next/image?url=https%3A%2F%2Fimg.spoonacular.com%2Frecipes%2F640907-556x370.jpg&w=1200&q=75 1200w, /_next/image?url=https%3A%2F%2Fimg.spoonacular.com%2Frecipes%2F640907-556x370.jpg&w=1920&q=75 1920w, /_next/image?url=https%3A%2F%2Fimg.spoonacular.com%2Frecipes%2F640907-556x370.jpg&w=2048&q=75 2048w, /_next/image?url=https%3A%2F%2Fimg.spoonacular.com%2Frecipes%2F640907-556x370.jpg&w=3840&q=75 3840w"
                style="position: absolute; height: 100%; width: 100%; left: 0px; top: 0px; right: 0px; bottom: 0px; object-fit: cover; color: transparent;"
              />
            </div>
            <div
              class="MuiCardContent-root css-46bh2p-MuiCardContent-root"
            >
              <h5
                class="MuiTypography-root MuiTypography-h5 MuiTypography-gutterBottom css-h93ljk-MuiTypography-root"
              >
                Croissants With Sesame Seeds (Kifli)
              </h5>
              <p
                class="MuiTypography-root MuiTypography-body2 css-r40f8v-MuiTypography-root"
              >
                The recipe Croissants With Sesame Seeds (Kifli) could satisfy your Sou...
              </p>
            </div>
            <div
              class="MuiCardActions-root MuiCardActions-spacing css-dnrpxu-MuiCardActions-root"
            >
              <button
                class="MuiButtonBase-root MuiButton-root MuiButton-contained MuiButton-containedPrimary MuiButton-sizeMedium MuiButton-containedSizeMedium MuiButton-colorPrimary MuiButton-root MuiButton-contained MuiButton-containedPrimary MuiButton-sizeMedium MuiButton-containedSizeMedium MuiButton-colorPrimary css-sghohy-MuiButtonBase-root-MuiButton-root"
                tabindex="0"
                type="button"
              >
                Get the recipe
                <span
                  class="MuiTouchRipple-root css-8je8zh-MuiTouchRipple-root"
                />
              </button>
            </div>
          </div>
        </div>
        <div
          class="MuiGrid-root MuiGrid-item MuiGrid-grid-md-4 css-49an4g-MuiGrid-root"
        >
          <div
            class="MuiPaper-root MuiPaper-elevation MuiPaper-rounded MuiPaper-elevation1 MuiCard-root css-bhp9pd-MuiPaper-root-MuiCard-root"
          >
            <div
              class="MuiBox-root css-1urz026"
            >
              <img
                alt="Eggless Blueberry and White Chocolate Baked Cheesecake"
                data-nimg="fill"
                decoding="async"
                loading="lazy"
                sizes="300px"
                src="/_next/image?url=https%3A%2F%2Fimg.spoonacular.com%2Frecipes%2F642259-556x370.jpg&w=3840&q=75"
                srcset="/_next/image?url=https%3A%2F%2Fimg.spoonacular.com%2Frecipes%2F642259-556x370.jpg&w=16&q=75 16w, /_next/image?url=https%3A%2F%2Fimg.spoonacular.com%2Frecipes%2F642259-556x370.jpg&w=32&q=75 32w, /_next/image?url=https%3A%2F%2Fimg.spoonacular.com%2Frecipes%2F642259-556x370.jpg&w=48&q=75 48w, /_next/image?url=https%3A%2F%2Fimg.spoonacular.com%2Frecipes%2F642259-556x370.jpg&w=64&q=75 64w, /_next/image?url=https%3A%2F%2Fimg.spoonacular.com%2Frecipes%2F642259-556x370.jpg&w=96&q=75 96w, /_next/image?url=https%3A%2F%2Fimg.spoonacular.com%2Frecipes%2F642259-556x370.jpg&w=128&q=75 128w, /_next/image?url=https%3A%2F%2Fimg.spoonacular.com%2Frecipes%2F642259-556x370.jpg&w=256&q=75 256w, /_next/image?url=https%3A%2F%2Fimg.spoonacular.com%2Frecipes%2F642259-556x370.jpg&w=384&q=75 384w, /_next/image?url=https%3A%2F%2Fimg.spoonacular.com%2Frecipes%2F642259-556x370.jpg&w=640&q=75 640w, /_next/image?url=https%3A%2F%2Fimg.spoonacular.com%2Frecipes%2F642259-556x370.jpg&w=750&q=75 750w, /_next/image?url=https%3A%2F%2Fimg.spoonacular.com%2Frecipes%2F642259-556x370.jpg&w=828&q=75 828w, /_next/image?url=https%3A%2F%2Fimg.spoonacular.com%2Frecipes%2F642259-556x370.jpg&w=1080&q=75 1080w, /_next/image?url=https%3A%2F%2Fimg.spoonacular.com%2Frecipes%2F642259-556x370.jpg&w=1200&q=75 1200w, /_next/image?url=https%3A%2F%2Fimg.spoonacular.com%2Frecipes%2F642259-556x370.jpg&w=1920&q=75 1920w, /_next/image?url=https%3A%2F%2Fimg.spoonacular.com%2Frecipes%2F642259-556x370.jpg&w=2048&q=75 2048w, /_next/image?url=https%3A%2F%2Fimg.spoonacular.com%2Frecipes%2F642259-556x370.jpg&w=3840&q=75 3840w"
                style="position: absolute; height: 100%; width: 100%; left: 0px; top: 0px; right: 0px; bottom: 0px; object-fit: cover; color: transparent;"
              />
            </div>
            <div
              class="MuiCardContent-root css-46bh2p-MuiCardContent-root"
            >
              <h5
                class="MuiTypography-root MuiTypography-h5 MuiTypography-gutterBottom css-h93ljk-MuiTypography-root"
              >
                Eggless Blueberry and White Chocolate Baked Cheesecake
              </h5>
              <p
                class="MuiTypography-root MuiTypography-body2 css-r40f8v-MuiTypography-root"
              >
                The recipe Eggless Blueberry and White Chocolate Baked Cheesecake can ...
              </p>
            </div>
            <div
              class="MuiCardActions-root MuiCardActions-spacing css-dnrpxu-MuiCardActions-root"
            >
              <button
                class="MuiButtonBase-root MuiButton-root MuiButton-contained MuiButton-containedPrimary MuiButton-sizeMedium MuiButton-containedSizeMedium MuiButton-colorPrimary MuiButton-root MuiButton-contained MuiButton-containedPrimary MuiButton-sizeMedium MuiButton-containedSizeMedium MuiButton-colorPrimary css-sghohy-MuiButtonBase-root-MuiButton-root"
                tabindex="0"
                type="button"
              >
                Get the recipe
                <span
                  class="MuiTouchRipple-root css-8je8zh-MuiTouchRipple-root"
                />
              </button>
            </div>
          </div>
        </div>
        <div
          class="MuiGrid-root MuiGrid-item MuiGrid-grid-md-4 css-49an4g-MuiGrid-root"
        >
          <div
            class="MuiPaper-root MuiPaper-elevation MuiPaper-rounded MuiPaper-elevation1 MuiCard-root css-bhp9pd-MuiPaper-root-MuiCard-root"
          >
            <div
              class="MuiBox-root css-1urz026"
            >
              <img
                alt="Fennel and Orange Salad With Toasted Hazelnuts and Cranberries"
                data-nimg="fill"
                decoding="async"
                loading="lazy"
                sizes="300px"
                src="/_next/image?url=https%3A%2F%2Fimg.spoonacular.com%2Frecipes%2F642660-556x370.jpg&w=3840&q=75"
                srcset="/_next/image?url=https%3A%2F%2Fimg.spoonacular.com%2Frecipes%2F642660-556x370.jpg&w=16&q=75 16w, /_next/image?url=https%3A%2F%2Fimg.spoonacular.com%2Frecipes%2F642660-556x370.jpg&w=32&q=75 32w, /_next/image?url=https%3A%2F%2Fimg.spoonacular.com%2Frecipes%2F642660-556x370.jpg&w=48&q=75 48w, /_next/image?url=https%3A%2F%2Fimg.spoonacular.com%2Frecipes%2F642660-556x370.jpg&w=64&q=75 64w, /_next/image?url=https%3A%2F%2Fimg.spoonacular.com%2Frecipes%2F642660-556x370.jpg&w=96&q=75 96w, /_next/image?url=https%3A%2F%2Fimg.spoonacular.com%2Frecipes%2F642660-556x370.jpg&w=128&q=75 128w, /_next/image?url=https%3A%2F%2Fimg.spoonacular.com%2Frecipes%2F642660-556x370.jpg&w=256&q=75 256w, /_next/image?url=https%3A%2F%2Fimg.spoonacular.com%2Frecipes%2F642660-556x370.jpg&w=384&q=75 384w, /_next/image?url=https%3A%2F%2Fimg.spoonacular.com%2Frecipes%2F642660-556x370.jpg&w=640&q=75 640w, /_next/image?url=https%3A%2F%2Fimg.spoonacular.com%2Frecipes%2F642660-556x370.jpg&w=750&q=75 750w, /_next/image?url=https%3A%2F%2Fimg.spoonacular.com%2Frecipes%2F642660-556x370.jpg&w=828&q=75 828w, /_next/image?url=https%3A%2F%2Fimg.spoonacular.com%2Frecipes%2F642660-556x370.jpg&w=1080&q=75 1080w, /_next/image?url=https%3A%2F%2Fimg.spoonacular.com%2Frecipes%2F642660-556x370.jpg&w=1200&q=75 1200w, /_next/image?url=https%3A%2F%2Fimg.spoonacular.com%2Frecipes%2F642660-556x370.jpg&w=1920&q=75 1920w, /_next/image?url=https%3A%2F%2Fimg.spoonacular.com%2Frecipes%2F642660-556x370.jpg&w=2048&q=75 2048w, /_next/image?url=https%3A%2F%2Fimg.spoonacular.com%2Frecipes%2F642660-556x370.jpg&w=3840&q=75 3840w"
                style="position: absolute; height: 100%; width: 100%; left: 0px; top: 0px; right: 0px; bottom: 0px; object-fit: cover; color: transparent;"
              />
            </div>
            <div
              class="MuiCardContent-root css-46bh2p-MuiCardContent-root"
            >
              <h5
                class="MuiTypography-root MuiTypography-h5 MuiTypography-gutterBottom css-h93ljk-MuiTypography-root"
              >
                Fennel and Orange Salad With Toasted Hazelnuts and Cranberries
              </h5>
              <p
                class="MuiTypography-root MuiTypography-body2 css-r40f8v-MuiTypography-root"
              >
                The recipe Fennel and Orange Salad With Toasted Hazelnuts and Cranberr...
              </p>
            </div>
            <div
              class="MuiCardActions-root MuiCardActions-spacing css-dnrpxu-MuiCardActions-root"
            >
              <button
                class="MuiButtonBase-root MuiButton-root MuiButton-contained MuiButton-containedPrimary MuiButton-sizeMedium MuiButton-containedSizeMedium MuiButton-colorPrimary MuiButton-root MuiButton-contained MuiButton-containedPrimary MuiButton-sizeMedium MuiButton-containedSizeMedium MuiButton-colorPrimary css-sghohy-MuiButtonBase-root-MuiButton-root"
                tabindex="0"
                type="button"
              >
                Get the recipe
                <span
                  class="MuiTouchRipple-root css-8je8zh-MuiTouchRipple-root"
                />
              </button>
            </div>
          </div>
        </div>
      </div>
    </div>
  </div>
</body>
`;
