// Jest Snapshot v1, https://goo.gl/fbAQLP

exports[`Banner shoud match snapshot 1`] = `
<body>
  <div>
    <div
      class="MuiBox-root css-3t9z5e"
    >
      <p>
        stuff goes here
      </p>
    </div>
  </div>
</body>
`;
