// Jest Snapshot v1, https://goo.gl/fbAQLP

exports[`FeatureCard should match snapshot successfully 1`] = `
<body>
  <div>
    <div
      class="MuiPaper-root MuiPaper-elevation MuiPaper-rounded MuiPaper-elevation1 MuiCard-root css-1rrzovd-MuiPaper-root-MuiCard-root"
    >
      <img
        alt="Sample Title"
        data-nimg="1"
        decoding="async"
        height="256"
        loading="lazy"
        src="/_next/image?url=https%3A%2F%2Fvia.placeholder.com%2F150&w=640&q=75"
        srcset="/_next/image?url=https%3A%2F%2Fvia.placeholder.com%2F150&w=256&q=75 1x, /_next/image?url=https%3A%2F%2Fvia.placeholder.com%2F150&w=640&q=75 2x"
        style="color: transparent; margin: -90px auto -90px;"
        width="256"
      />
      <div
        class="MuiCardContent-root css-46bh2p-MuiCardContent-root"
      >
        <h5
          class="MuiTypography-root MuiTypography-h5 css-1himrsc-MuiTypography-root"
        >
          Sample Title
        </h5>
        <p
          class="MuiTypography-root MuiTypography-body1 css-1wczmbf-MuiTypography-root"
        >
          This is a sample description.
        </p>
      </div>
      <div
        class="MuiCardActions-root MuiCardActions-spacing css-13rhmik-MuiCardActions-root"
      >
        <button
          class="MuiButtonBase-root MuiButton-root MuiButton-text MuiButton-textPrimary MuiButton-sizeMedium MuiButton-textSizeMedium MuiButton-colorPrimary MuiButton-root MuiButton-text MuiButton-textPrimary MuiButton-sizeMedium MuiButton-textSizeMedium MuiButton-colorPrimary css-azzldy-MuiButtonBase-root-MuiButton-root"
          tabindex="0"
          type="button"
        >
          Learn more
          <span
            class="MuiButton-icon MuiButton-endIcon MuiButton-iconSizeMedium css-9tj150-MuiButton-endIcon"
          >
            <svg
              aria-hidden="true"
              class="MuiSvgIcon-root MuiSvgIcon-fontSizeSmall css-ptiqhd-MuiSvgIcon-root"
              data-testid="ArrowForwardIosRoundedIcon"
              focusable="false"
              viewBox="0 0 24 24"
            >
              <path
                d="M7.38 21.01c.49.49 1.28.49 1.77 0l8.31-8.31c.39-.39.39-1.02 0-1.41L9.15 2.98c-.49-.49-1.28-.49-1.77 0s-.49 1.28 0 1.77L14.62 12l-7.25 7.25c-.48.48-.48 1.28.01 1.76"
              />
            </svg>
          </span>
          <span
            class="MuiTouchRipple-root css-8je8zh-MuiTouchRipple-root"
          />
        </button>
      </div>
    </div>
  </div>
</body>
`;
