// Jest Snapshot v1, https://goo.gl/fbAQLP

exports[`Header should match  snapshot 1`] = `
<body>
  <div>
    <header
      class="MuiPaper-root MuiPaper-elevation MuiPaper-elevation4 MuiAppBar-root MuiAppBar-colorTransparent MuiAppBar-positionStatic css-iu7ypf-MuiPaper-root-MuiAppBar-root"
    >
      <div
        class="MuiContainer-root MuiContainer-maxWidthLg css-1oqqzyl-MuiContainer-root"
      >
        <div
          class="MuiToolbar-root MuiToolbar-gutters MuiToolbar-regular css-1yo9slo-MuiToolbar-root"
        >
          <div
            class="MuiBox-root css-hawwd0"
          >
            <button
              aria-label="menu"
              class="MuiButtonBase-root MuiIconButton-root MuiIconButton-colorInherit MuiIconButton-edgeStart MuiIconButton-sizeMedium css-134qg7o-MuiButtonBase-root-MuiIconButton-root"
              tabindex="0"
              type="button"
            >
              <svg
                aria-hidden="true"
                class="MuiSvgIcon-root MuiSvgIcon-fontSizeMedium css-1oazvwu-MuiSvgIcon-root"
                data-testid="MenuRoundedIcon"
                focusable="false"
                viewBox="0 0 24 24"
              >
                <path
                  d="M4 18h16c.55 0 1-.45 1-1s-.45-1-1-1H4c-.55 0-1 .45-1 1s.45 1 1 1m0-5h16c.55 0 1-.45 1-1s-.45-1-1-1H4c-.55 0-1 .45-1 1s.45 1 1 1M3 7c0 .55.45 1 1 1h16c.55 0 1-.45 1-1s-.45-1-1-1H4c-.55 0-1 .45-1 1"
                />
              </svg>
              <span
                class="MuiTouchRipple-root css-8je8zh-MuiTouchRipple-root"
              />
            </button>
          </div>
          <button
            class="MuiButtonBase-root MuiButton-root MuiButton-text MuiButton-textPrimary MuiButton-sizeMedium MuiButton-textSizeMedium MuiButton-colorPrimary MuiButton-root MuiButton-text MuiButton-textPrimary MuiButton-sizeMedium MuiButton-textSizeMedium MuiButton-colorPrimary css-10frapl-MuiButtonBase-root-MuiButton-root"
            tabindex="0"
            type="button"
          >
            <div
              class="MuiTypography-root MuiTypography-h2 css-gi57be-MuiTypography-root"
            >
              My cool app
            </div>
            <span
              class="MuiTouchRipple-root css-8je8zh-MuiTouchRipple-root"
            />
          </button>
          <div
            class="MuiBox-root css-1j9bsaa"
          />
        </div>
      </div>
    </header>
  </div>
</body>
`;
